exports[`Dialog should render 1`] = `null`;

exports[`Dialog should render action 1`] = `null`;

exports[`Dialog should render header 1`] = `null`;

exports[`Dialog should render large 1`] = `null`;

exports[`Dialog should render small 1`] = `null`;
