exports[`ItemTitle should render button title 1`] = `
<div
  style={
    Object {
      "display": "inline",
    }
  }>
  <button
    className="my-title btn btn-link"
    disabled={false}
    id="title"
    onClick={[Function]}
    role="link"
    type="button">
    Hello world
  </button>
</div>
`;

exports[`ItemTitle should render icon 1`] = `
<div
  style={
    Object {
      "display": "inline",
    }
  }>
  <i
    aria-hidden="true"
    className="fa fa-file-excel-o"
    title={null} />
  <span
    className="my-title"
    id={undefined}>
    Hello world
  </span>
</div>
`;

exports[`ItemTitle should render input title 1`] = `
<div
  style={
    Object {
      "display": "inline",
    }
  }>
  <input
    autoFocus={true}
    id="title"
    onBlur={[Function]}
    onKeyUp={[Function]}
    value="Hello world" />
</div>
`;

exports[`ItemTitle should render text title 1`] = `
<div
  style={
    Object {
      "display": "inline",
    }
  }>
  <span
    className="my-title"
    id="title">
    Hello world
  </span>
</div>
`;
