exports[`TwoColumns should render two columns 1`] = `
<div
  className="tc-layout-two-columns">
  <div
    className="tc-layout-two-columns-left">
    Hello world
  </div>
  <div
    className="tc-layout-two-columns-main">
    <span>
      children
    </span>
  </div>
</div>
`;
